[    0.000000] Linux version 4.15.0-117-generic (buildd@lcy01-amd64-008) (gcc version 7.5.0 (Ubuntu 7.5.0-3ubuntu1~18.04)) #118-Ubuntu SMP Fri Sep 4 20:02:41 UTC 2020 (Ubuntu 4.15.0-117.118-generic 4.15.18)
[    0.000000] Command line: BOOT_IMAGE=/boot/vmlinuz-4.15.0-117-generic root=UUID=ec3bb8ad-c609-4161-9977-43686ffbac4f ro console=tty1 console=ttyS0
[    0.000000] KERNEL supported cpus:
[    0.000000]   Intel GenuineIntel
[    0.000000]   AMD AuthenticAMD
[    0.000000]   Centaur CentaurHauls
[    0.000000] x86/fpu: Supporting XSAVE feature 0x001: 'x87 floating point registers'
[    0.000000] x86/fpu: Supporting XSAVE feature 0x002: 'SSE registers'
[    0.000000] x86/fpu: Supporting XSAVE feature 0x004: 'AVX registers'
[    0.000000] x86/fpu: xstate_offset[2]:  576, xstate_sizes[2]:  256
[    0.000000] x86/fpu: Enabled xstate features 0x7, context size is 832 bytes, using 'standard' format.
[    0.000000] e820: BIOS-provided physical RAM map:
[    0.000000] BIOS-e820: [mem 0x0000000000000000-0x000000000009fbff] usable
[    0.00000] BIOS-e820: [mem 0x000000000009fc00-0x000000000009ffff] reserved
[    0.000000] BIOS-e820: [mem 0x00000000000f0000-0x00000000000fffff] reserved
[    0.000000] BIOS-e820: [mem 0x0000000000100000-0x00000000dffeffff] usable
[    0.000000] BIOS-e820: [mem 0x00000000dfff0000-0x00000000dfffffff] ACPI data
[    0.000000] BIOS-e820: [mem 0x00000000fec00000-0x00000000fec00fff] reserved
[    0.000000] BIOS-e820: [mem 0x00000000fee00000-0x00000000fee00fff] reserved
[    0.000000] BIOS-e820: [mem 0x00000000fffc0000-0x00000000ffffffff] reserved
[    0.000000] BIOS-e820: [mem 0x0000000100000000-0x0000000196ffffff] usable
[    0.000000] NX (Execute Disable) protection: active
[    0.000000] SMBIOS 2.5 present.
[    0.000000] DMI: innotek GmbH VirtualBox/VirtualBox, BIOS VirtualBox 12/01/2006
[    0.000000] Hypervisor detected: KVM
[    0.000000] e820: last_pfn = 0x197000 max_arch_pfn = 0x400000000
[    0.000000] MTRR: Disabled
[    0.000000] x86/PAT: MTRRs disabled, skipping PAT initialization too.
[    0.000000] CPU MTRRs all blank - virtualized system.
[    0.000000] x86/PAT: Configuration [0-7]: WB  WT  UC- UC  WB  WT  UC- UC  
[    0.000000] e820: last_pfn = 0xdfff0 max_arch_pfn = 0x400000000
[    0.000000] found SMP MP-table at [mem 0x0009fff0-0x0009ffff]
[    0.000000] Scanning 1 areas for low memory corruption
[    0.000000] RAMDISK: [mem 0x3595d000-0x36ca5fff]
[    0.000000] ACPI: Early table checksum verification disabled
[    0.000000] ACPI: RSDP 0x00000000000E0000 000024 (v02 VBOX  )
[    0.000000] ACPI: XSDT 0x00000000DFFF0030 00003C (v01 VBOX   VBOXXSDT 00000001 ASL  00000061)
[    0.000000] ACPI: FACP 0x00000000DFFF00F0 0000F4 (v04 VBOX   VBOXFACP 00000001 ASL  00000061)
[    0.000000] ACPI: DSDT 0x00000000DFFF0480 002325 (v02 VBOX   VBOXBIOS 00000002 INTL 20100528)
[    0.000000] ACPI: FACS 0x00000000DFFF0200 000040
[    0.000000] ACPI: FACS 0x00000000DFFF0200 000040
[    0.000000] ACPI: APIC 0x00000000DFFF0240 000064 (v02 VBOX   VBOXAPIC 00000001 ASL  00000061)
[    0.000000] ACPI: SSDT 0x00000000DFFF02B0 0001CC (v01 VBOX   VBOXCPUT 00000002 INTL 20100528)
[    0.000000] No NUMA configuration found
[    0.000000] Faking a node at [mem 0x0000000000000000-0x0000000196ffffff]
[    0.000000] NODE_DATA(0) allocated [mem 0x196fd1000-0x196ffbfff]
[    0.000000] kvm-clock: cpu 0, msr 1:96f50001, primary cpu clock
[    0.000000] kvm-clock: Using msrs 4b564d01 and 4b564d00
[    0.000000] kvm-clock: using sched offset of 3624997788 cycles
[    0.000000] clocksource: kvm-clock: mask: 0xffffffffffffffff max_cycles: 0x1cd42e4dffb, max_idle_ns: 881590591483 ns
[    0.000000] Zone ranges:
[    0.000000]   DMA      [mem 0x0000000000001000-0x0000000000ffffff]
[    0.000000]   DMA32    [mem 0x0000000001000000-0x00000000ffffffff]
[    0.000000]   Normal   [mem 0x0000000100000000-0x0000000196ffffff]
[    0.000000]   Device   empty
[    0.000000] Movable zone start for each node
[    0.000000] Early memory node ranges
[    0.000000]   node   0: [mem 0x0000000000001000-0x000000000009efff]
[    0.000000]   node   0: [mem 0x0000000000100000-0x00000000dffeffff]
[    0.000000]   node   0: [mem 0x0000000100000000-0x0000000196ffffff]
[    0.000000] Reserved but unavailable: 98 pages
[    0.000000] Initmem setup node 0 [mem 0x0000000000001000-0x0000000196ffffff]
[    0.000000] ACPI: PM-Timer IO Port: 0x4008
[    0.000000] IOAPIC[0]: apic_id 3, version 32, address 0xfec00000, GSI 0-23
[    0.000000] ACPI: INT_SRC_OVR (bus 0 bus_irq 0 global_irq 2 dfl dfl)
[    0.000000] ACPI: INT_SRC_OVR (bus 0 bus_irq 9 global_irq 9 low level)
[    0.000000] Using ACPI (MADT) for SMP configuration information
[    0.000000] smpboot: Allowing 3 CPUs, 0 hotplug CPUs
[    0.000000] PM: Registered nosave memory: [mem 0x00000000-0x00000fff]
[    0.000000] PM: Registered nosave memory: [mem 0x0009f000-0x0009ffff]
[    0.000000] PM: Registered nosave memory: [mem 0x000a0000-0x000effff]
[    0.000000] PM: Registered nosave memory: [mem 0x000f0000-0x000fffff]
[    0.000000] PM: Registered nosave memory: [mem 0xdfff0000-0xdfffffff]
[    0.000000] PM: Registered nosave memory: [mem 0xe0000000-0xfebfffff]
[    0.000000] PM: Registered nosave memory: [mem 0xfec00000-0xfec00fff]
[    0.000000] PM: Registered nosave memory: [mem 0xfec01000-0xfedfffff]
[    0.000000] PM: Registered nosave memory: [mem 0xfee00000-0xfee00fff]
[    0.000000] PM: Registered nosave memory: [mem 0xfee01000-0xfffbffff]
[    0.000000] PM: Registered nosave memory: [mem 0xfffc0000-0xffffffff]
[    0.000000] e820: [mem 0xe0000000-0xfebfffff] available for PCI devices
[    0.000000] Booting paravirtualized kernel on KVM
[    0.00000] clocksource: refined-jiffies: mask: 0xffffffff max_cycles: 0xffffffff, max_idle_ns: 7645519600211568 ns
[    0.000000] random: get_random_bytes called from start_kernel+0x99/0x500 with crng_init=0
[    0.000000] setup_percpu: NR_CPUS:8192 nr_cpumask_bits:3 nr_cpu_ids:3 nr_node_ids:1
[    0.000000] percpu: Embedded 45 pages/cpu s147456 r8192 d28672 u524288
[    0.000000] PV qspinlock hash table entries: 256 (order: 0, 4096 bytes)
[    0.000000] Built 1 zonelists, mobility grouping on.  Total pages: 1511865
[    0.000000] Policy zone: Normal
[    0.000000] Kernel command line: BOOT_IMAGE=/boot/vmlinuz-4.15.0-117-generic root=UUID=ec3bb8ad-c609-4161-9977-43686ffbac4f ro console=tty1 console=ttyS0
[    0.000000] Memory: 5931904K/6143544K available (12300K kernel code, 2481K rwdata, 4272K rodata, 2436K init, 2724K bss, 211640K reserved, 0K cma-reserved)
[    0.000000] SLUB: HWalign=64, Order=0-3, MinObjects=0, CPUs=3, Nodes=1
[    0.000000] Kernel/User page tables isolation: enabled
[    0.000000] ftrace: allocating 39392 entries in 154 pages
[    0.004000] Hierarchical RCU implementation.
[    0.004000] 	RCU restricting CPUs from NR_CPUS=8192 to nr_cpu_ids=3.
[    0.004000] 	Tasks RCU enabled.
[    0.004000] RCU: Adjusting geometry for rcu_fanout_leaf=16, nr_cpu_ids=3
[    0.004000] NR_IRQS: 524544, nr_irqs: 448, preallocated irqs: 16
[    0.004000] Console: colour VGA+ 80x25
[    0.004000] console [tty1] enabled
[    0.004000] console [ttyS0] enabled
[    0.004000] ACPI: Core revision 20170831
[    0.004000] ACPI: 2 ACPI AML tables successfully acquired and loaded
[    0.004000] APIC: Switch to symmetric I/O mode setup
[    0.004362] x2apic enabled
[    0.008007] Switched APIC routing to physical x2apic.
[    0.014331] ..TIMER: vector=0x30 apic1=0 pin1=2 apic2=-1 pin2=-1
[    0.016005] tsc: Detected 3407.998 MHz processor
[    0.020027] Calibrating delay loop (skipped) preset value.. 6815.99 BogoMIPS (lpj=13631992)
[    0.024008] pid_max: default: 32768 minimum: 301
[    0.028084] Security Framework initialized
[    0.032010] Yama: becoming mindful.
[    0.036048] AppArmor: AppArmor initialized
[    0.052285] Dentry cache hash table entries: 1048576 (order: 11, 8388608 bytes)
[    0.063032] Inode-cache hash table entries: 524288 (order: 10, 4194304 bytes)
[    0.064062] Mount-cache hash table entries: 16384 (order: 5, 131072 bytes)
[    0.068031] Mountpoint-cache hash table entries: 16384 (order: 5, 131072 bytes)
[    0.072298] Last level iTLB entries: 4KB 64, 2MB 8, 4MB 8
[    0.076007] Last level dTLB entries: 4KB 64, 2MB 0, 4MB 0, 1GB 4
[    0.080006] Spectre V1 : Mitigation: usercopy/swapgs barriers and __user pointer sanitization
[    0.084006] Spectre V2 : Mitigation: Full generic retpoline
[    0.088005] Spectre V2 : Spectre v2 / SpectreRSB mitigation: Filling RSB on context switch
[    0.092006] Speculative Store Bypass: Vulnerable
[    0.096055] SRBDS: Unknown: Dependent on hypervisor status
[    0.100005] MDS: Mitigation: Clear CPU buffers
[    0.104228] Freeing SMP alternatives memory: 36K
[    0.221145] smpboot: CPU0: Intel(R) Core(TM) i7-6700 CPU @ 3.40GHz (family: 0x6, model: 0x5e, stepping: 0x3)
[    0.224084] Performance Events: unsupported p6 CPU model 94 no PMU driver, software events only.
[    0.228070] Hierarchical SRCU implementation.
[    0.236246] NMI watchdog: Perf event create on CPU 0 failed with -2
[    0.240020] NMI watchdog: Perf NMI watchdog permanently disabled
[    0.247412] smp: Bringing up secondary CPUs ...
[    0.248113] x86: Booting SMP configuration:
[    0.252007] .... node  #0, CPUs:      #1
[    0.004000] kvm-clock: cpu 1, msr 1:96f50041, secondary cpu clock
[    0.331479]  #2
[    0.004000] kvm-clock: cpu 2, msr 1:96f50081, secondary cpu clock
[    0.424020] smp: Brought up 1 node, 3 CPUs
[    0.428009] smpboot: Max logical packages: 1
[    0.432007] smpboot: Total of 3 processors activated (20447.98 BogoMIPS)
[    0.436329] devtmpfs: initialized
[    0.440083] x86/mm: Memory block size: 128MB
[    0.444642] evm: security.selinux
[    0.448010] evm: security.SMACK64
[    0.452007] evm: security.SMACK64EXEC
[    0.456005] evm: security.SMACK64TRANSMUTE
[    0.460006] evm: security.SMACK64MMAP
[    0.464021] evm: security.apparmor
[    0.468005] evm: security.ima
[    0.472005] evm: security.capability
[    0.476143] clocksource: jiffies: mask: 0xffffffff max_cycles: 0xffffffff, max_idle_ns: 7645041785100000 ns
[    0.480016] futex hash table entries: 1024 (order: 4, 65536 bytes)
[    0.484088] pinctrl core: initialized pinctrl subsystem
[    0.488174] RTC time:  7:59:15, date: 09/15/20
[    0.492231] NET: Registered protocol family 16
[    0.496190] audit: initializing netlink subsys (disabled)
[    0.500045] audit: type=2000 audit(1600156753.259:1): state=initialized audit_enabled=0 res=1
[    0.560010] cpuidle: using governor ladder
[    0.564015] cpuidle: using governor menu
[    0.568088] ACPI: bus type PCI registered
[    0.572006] acpiphp: ACPI Hot Plug PCI Controller Driver version: 0.5
[    0.576174] PCI: Using configuration type 1 for base access
[    0.585309] HugeTLB registered 2.00 MiB page size, pre-allocated 0 pages
[    0.595140] ACPI: Added _OSI(Module Device)
[    0.596009] ACPI: Added _OSI(Processor Device)
[    0.600008] ACPI: Added _OSI(3.0 _SCP Extensions)
[    0.604007] ACPI: Added _OSI(Processor Aggregator Device)
[    0.608009] ACPI: Added _OSI(Linux-Dell-Video)
[    0.612008] ACPI: Added _OSI(Linux-Lenovo-NV-HDMI-Audio)
[    0.616008] ACPI: Added _OSI(Linux-HPI-Hybrid-Graphics)
[    0.620332] ACPI: Executed 1 blocks of module-level executable AML code
[    0.629869] ACPI: Interpreter enabled
[    0.632037] ACPI: (supports S0 S5)
[    0.636006] ACPI: Using IOAPIC for interrupt routing
[    0.640300] PCI: Using host bridge windows from ACPI; if necessary, use "pci=nocrs" and report a bug
[    0.644242] ACPI: Enabled 2 GPEs in block 00 to 07
[    0.658435] ACPI: PCI Root Bridge [PCI0] (domain 0000 [bus 00-ff])
[    0.660030] acpi PNP0A03:00: _OSC: OS supports [ASPM ClockPM Segments MSI]
[    0.664844] acpi PNP0A03:00: _OSC: not requesting OS control; OS requires [ExtendedConfig ASPM ClockPM MSI]
[    0.668054] acpi PNP0A03:00: fail to add MMCONFIG information, can't acess extended PCI configuration space under this bridge.
[    0.676164] PCI host bridge to bus 0000:00
[    0.680010] pci_bus 0000:00: root bus resource [io  0x0000-0x0cf7 window]
[    0.684008] pci_bus 0000:00: root bus resource [io  0x0d00-0xffff window]
[    0.688009] pci_bus 0000:00: root bus resource [mem 0x000a0000-0x000bffff window]
[    0.692009] pci_bus 0000:00: root bus resource [mem 0xe0000000-0xfdffffff window]
[    0.696010] pci_bus 0000:00: root bus resource [bus 00-ff]
[    0.706723] pci 0000:00:01.1: legacy IDE quirk: reg 0x10: [io  0x01f0-0x01f7]
[    0.708007] pci 0000:00:01.1: legacy IDE quirk: reg 0x14: [io  0x03f6]
[    0.712009] pci 0000:00:01.1: legacy IDE quirk: reg 0x18: [io  0x0170-0x0177]
[    0.716018] pci 0000:00:01.1: legacy IDE quirk: reg 0x1c: [io  0x0376]
[    0.786245] pci 0000:00:07.0: quirk: [io  0x4000-0x403f] claimed by PIIX4 ACPI
[    0.788034] pci 0000:00:07.0: quirk: [io  0x4100-0x410f] claimed by PIIX4 SMB
[    0.842316] ACPI: PCI Interrupt Link [LNKA] (IRQs 5 9 10 *11)
[    0.844482] ACPI: PCI Interrupt Link [LNKB] (IRQs 5 9 *10 11)
[    0.848226] ACPI: PCI Interrupt Link [LNKC] (IRQs 5 *9 10 11)
[    0.852157] ACPI: PCI Interrupt Link [LNKD] (IRQs 5 9 10 *11)
[    0.856536] SCSI subsystem initialized
[    0.860099] pci 0000:00:02.0: vgaarb: setting as boot VGA device
[    0.864000] pci 0000:00:02.0: vgaarb: VGA device added: decodes=io+mem,owns=io+mem,locks=none
[    0.864026] pci 0000:00:02.0: vgaarb: bridge control possible
[    0.868006] vgaarb: loaded
[    0.872071] ACPI: bus type USB registered
[    0.880014] usbcore: registered new interface driver usbfs
[    0.884072] usbcore: registered new interface driver hub
[    0.888059] usbcore: registered new device driver usb
[    0.892137] EDAC MC: Ver: 3.0.0
[    0.896300] PCI: Using ACPI for IRQ routing
[    0.900381] NetLabel: Initializing
[    0.904009] NetLabel:  domain hash size = 128
[    0.908005] NetLabel:  protocols = UNLABELED CIPSOv4 CALIPSO
[    0.912028] NetLabel:  unlabeled traffic allowed by default
[    0.916095] clocksource: Switched to clocksource kvm-clock
[    0.975148] VFS: Disk quotas dquot_6.6.0
[    1.003126] VFS: Dquot-cache hash table entries: 512 (order 0, 4096 bytes)
[    1.093847] AppArmor: AppArmor Filesystem Enabled
[    1.125182] pnp: PnP ACPI init
[    1.150244] pnp: PnP ACPI: found 3 devices
[    1.191841] clocksource: acpi_pm: mask: 0xffffff max_cycles: 0xffffff, max_idle_ns: 2085701024 ns
[    1.289357] NET: Registered protocol family 2
[    1.322355] TCP established hash table entries: 65536 (order: 7, 524288 bytes)
[    1.369892] TCP bind hash table entries: 65536 (order: 8, 1048576 bytes)
[    1.429321] TCP: Hash tables configured (established 65536 bind 65536)
[    1.475368] UDP hash table entries: 4096 (order: 5, 131072 bytes)
[    1.521023] UDP-Lite hash table entries: 4096 (order: 5, 131072 bytes)
[    1.572827] NET: Registered protocol family 1
[    1.612411] pci 0000:00:00.0: Limiting direct PCI/PCI transfers
[    1.667566] pci 0000:00:01.0: Activating ISA DMA hang workarounds
[    1.709838] pci 0000:00:02.0: Video device with shadowed ROM at [mem 0x000c0000-0x000dffff]
[    1.765933] Unpacking initramfs...
[    2.142330] Freeing initrd memory: 19748K
[    2.169656] PCI-DMA: Using software bounce buffering for IO (SWIOTLB)
[    2.222012] software IO TLB: mapped [mem 0xdbff0000-0xdfff0000] (64MB)
[    2.272246] clocksource: tsc: mask: 0xffffffffffffffff max_cycles: 0x311fd208cfc, max_idle_ns: 440795283699 ns
[    2.345440] platform rtc_cmos: registered platform RTC device (no PNP device found)
[    2.401471] Scanning for low memory corruption every 60 seconds
[    2.451322] Initialise system trusted keyrings
[    2.491184] Key type blacklist registered
[    2.535829] workingset: timestamp_bits=36 max_order=21 bucket_order=0
[    2.601061] zbud: loaded
[    2.621122] squashfs: version 4.0 (2009/01/31) Phillip Lougher
[    2.696599] fuse init (API version 7.26)
[    2.742492] Key type asymmetric registered
[    2.776663] Asymmetric key parser 'x509' registered
[    2.814147] Block layer SCSI generic (bsg) driver version 0.4 loaded (major 246)
[    2.879913] io scheduler noop registered
[    2.905552] io scheduler deadline registered
[    2.933700] io scheduler cfq registered (default)
[    2.964859] ACPI: AC Adapter [AC] (on-line)
[    2.991137] input: Power Button as /devices/LNXSYSTM:00/LNXPWRBN:00/input/input0
[    3.052309] ACPI: Power Button [PWRF]
[    3.078582] input: Sleep Button as /devices/LNXSYSTM:00/LNXSLPBN:00/input/input1
[    3.133418] ACPI: Sleep Button [SLPF]
[    3.157850] Serial: 8250/16550 driver, 32 ports, IRQ sharing enabled
[    3.221924] 00:02: ttyS0 at I/O 0x3f8 (irq = 4, base_baud = 115200) is a 16550A
[    3.274692] Linux agpgart interface v0.103
[    3.302949] loop: module loaded
[    3.338839] scsi host0: ata_piix
[    3.371799] scsi host1: ata_piix
[    3.393298] ata1: PATA max UDMA/33 cmd 0x1f0 ctl 0x3f6 bmdma 0xd000 irq 14
[    3.440162] ata2: PATA max UDMA/33 cmd 0x170 ctl 0x376 bmdma 0xd008 irq 15
[    3.489925] libphy: Fixed MDIO Bus: probed
[    3.521033] tun: Universal TUN/TAP device driver, 1.6
[    3.558135] PPP generic driver version 2.4.2
[    3.586637] ehci_hcd: USB 2.0 'Enhanced' Host Controller (EHCI) Driver
[    3.647645] ehci-pci: EHCI PCI platform driver
[    3.684610] ehci-platform: EHCI generic platform driver
[    3.718503] ohci_hcd: USB 1.1 'Open' Host Controller (OHCI) Driver
[    3.766052] ohci-pci: OHCI PCI platform driver
[    3.797696] ohci-platform: OHCI generic platform driver
[    3.850185] uhci_hcd: USB Universal Host Controller Interface driver
[    3.904149] i8042: PNP: PS/2 Controller [PNP0303:PS2K,PNP0f03:PS2M] at 0x60,0x64 irq 1,12
[    3.977853] serio: i8042 KBD port at 0x60,0x64 irq 1
[    4.022656] serio: i8042 AUX port at 0x60,0x64 irq 12
[    4.060645] mousedev: PS/2 mouse device common for all mice
[    4.100035] rtc_cmos rtc_cmos: rtc core: registered rtc_cmos as rtc0
[    4.164916] input: AT Translated Set 2 keyboard as /devices/platform/i8042/serio0/input/input2
[    4.168592] rtc_cmos rtc_cmos: alarms up to one day, 114 bytes nvram
[    4.345149] i2c /dev entries driver
[    4.371051] device-mapper: uevent: version 1.0.3
[    4.420252] device-mapper: ioctl: 4.37.0-ioctl (2017-09-20) initialised: dm-devel@redhat.com
[    4.495900] ledtrig-cpu: registered to indicate activity on CPUs
[    4.538351] NET: Registered protocol family 10
[    4.581943] Segment Routing with IPv6
[    4.611084] NET: Registered protocol family 17
[    4.643477] Key type dns_resolver registered
[    4.671023] mce: Using 0 MCE banks
[    4.697597] RAS: Correctable Errors collector initialized.
[    4.740640] sched_clock: Marking stable (4740595471, 0)->(15308020568, -10567425097)
[    4.796418] registered taskstats version 1
[    4.828370] Loading compiled-in X.509 certificates
[    4.863866] Loaded X.509 cert 'Build time autogenerated kernel key: 993aedfcb7091aab7364eeb95e85a8dab512d887'
[    4.940249] zswap: loaded using pool lzo/zbud
[    4.981515] Key type big_key registered
[    5.005992] Key type trusted registered
[    5.039026] Key type encrypted registered
[    5.070630] AppArmor: AppArmor sha1 policy hashing enabled
[    5.117594] ima: No TPM chip found, activating TPM-bypass! (rc=-19)
[    5.162786] ima: Allocated hash algorithm: sha1
[    5.272736] evm: HMAC attrs: 0x1
[    5.311940]   Magic number: 4:329:976
[    5.365946] memory memory23: hash matches
[    5.412495] rtc_cmos rtc_cmos: setting system clock to 2020-09-15 07:59:22 UTC (1600156762)
[    5.536041] BIOS EDD facility v0.16 2004-Jun-25, 0 devices found
[    5.589662] EDD information not available.
[    5.620528] Freeing unused kernel image memory: 2436K
[    5.676574] Write protecting the kernel read-only data: 20480k
[    5.725770] Freeing unused kernel image memory: 2008K
[    5.761537] Freeing unused kernel image memory: 1872K
[    5.825906] x86/mm: Checked W+X mappings: passed, no W+X pages found.
[    5.877785] x86/mm: Checking user space page tables
[    5.959474] x86/mm: Checked W+X mappings: passed, no W+X pages found.
Loading, please wait...
starting version 237
[    6.105586] e1000: Intel(R) PRO/1000 Network Driver - version 7.3.21-k8-NAPI
[    6.197002] e1000: Copyright (c) 1999-2006 Intel Corporation.
[    6.255967] Fusion MPT base driver 3.04.20
[    6.282370] Copyright (c) 1999-2008 LSI Corporation
[    6.349014] Fusion MPT SPI Host driver 3.04.20
[    6.386881] AVX2 version of gcm_enc/dec engaged.
[    6.417029] AES CTR mode by8 optimization enabled
[    6.553430] input: ImExPS/2 Generic Explorer Mouse as /devices/platform/i8042/serio1/input/input4
[    6.663599] e1000 0000:00:03.0 eth0: (PCI:33MHz:32-bit) 02:de:13:0c:aa:f5
[    6.718437] e1000 0000:00:03.0 eth0: Intel(R) PRO/1000 Network Connection
[    7.181956] e1000 0000:00:08.0 eth1: (PCI:33MHz:32-bit) 08:00:27:f0:8c:6f
[    7.230763] e1000 0000:00:08.0 eth1: Intel(R) PRO/1000 Network Connection
[    7.314468] e1000 0000:00:03.0 enp0s3: renamed from eth0
[    7.316212] mptbase: ioc0: Initiating bringup
[    7.397595] e1000 0000:00:08.0 enp0s8: renamed from eth1
[    7.481461] ioc0: LSI53C1030 A0: Capabilities={Initiator}
[    9.082820] scsi host2: ioc0: LSI53C1030 A0, FwRev=00000000h, Ports=1, MaxQ=256, IRQ=20
[   10.728666] scsi 2:0:0:0: Direct-Access     VBOX     HARDDISK         1.0  PQ: 0 ANSI: 5
[   10.840416] scsi target2:0:0: Beginning Domain Validation
[   11.080641] scsi target2:0:0: Domain Validation skipping write tests
[   11.144442] scsi target2:0:0: Ending Domain Validation
[   11.188008] scsi target2:0:0: asynchronous
[   11.220116] scsi 2:0:1:0: Direct-Access     VBOX     HARDDISK         1.0  PQ: 0 ANSI: 5
[   11.312803] scsi target2:0:1: Beginning Domain Validation
[   11.351619] scsi target2:0:1: Domain Validation skipping write tests
[   11.401302] scsi target2:0:1: Ending Domain Validation
[   11.452351] scsi target2:0:1: asynchronous
[   11.489608] sd 2:0:0:0: Attached scsi generic sg0 type 0
[   11.524297] sd 2:0:0:0: [sda] 104857600 512-byte logical blocks: (53.7 GB/50.0 GiB)
[   11.528962] sd 2:0:1:0: Attached scsi generic sg1 type 0
[   11.582357] sd 2:0:0:0: [sda] Write Protect is off
[   11.668037] sd 2:0:1:0: [sdb] 20480 512-byte logical blocks: (10.5 MB/10.0 MiB)
[   11.668115] sd 2:0:0:0: [sda] Incomplete mode parameter data
[   11.747682] sd 2:0:1:0: [sdb] Write Protect is off
[   11.801377] sd 2:0:0:0: [sda] Assuming drive cache: write through
[   11.892488] sd 2:0:1:0: [sdb] Incomplete mode parameter data
[   11.893554] random: fast init done
[   11.943808] sd 2:0:1:0: [sdb] Assuming drive cache: write through
[   11.967648]  sda: sda1
[   12.037478] random: systemd-udevd: uninitialized urandom read (16 bytes read)
[   12.083566] random: systemd-udevd: uninitialized urandom read (16 bytes read)
[   12.133564] random: systemd-udevd: uninitialized urandom read (16 bytes read)
[   12.185085] sd 2:0:0:0: [sda] Attached SCSI disk
[   12.186682] sd 2:0:1:0: [sdb] Attached SCSI disk
Begin: Loading essential drivers ... [   13.845376] raid6: sse2x1   gen() 12716 MB/s
[   13.924409] raid6: sse2x1   xor()  7664 MB/s
[   14.016165] raid6: sse2x2   gen() 14897 MB/s
[   14.092382] raid6: sse2x2   xor() 10318 MB/s
[   14.184046] raid6: sse2x4   gen() 17583 MB/s
[   14.276769] raid6: sse2x4   xor() 11052 MB/s
[   14.368543] raid6: avx2x1   gen() 24952 MB/s
[   14.448539] raid6: avx2x1   xor() 15516 MB/s
[   14.524660] raid6: avx2x2   gen() 30587 MB/s
[   14.604664] raid6: avx2x2   xor() 17848 MB/s
[   14.676018] raid6: avx2x4   gen() 32393 MB/s
[   14.768686] raid6: avx2x4   xor() 20071 MB/s
[   14.799584] raid6: using algorithm avx2x4 gen() 32393 MB/s
[   14.854254] raid6: .... xor() 20071 MB/s, rmw enabled
[   14.903267] raid6: using avx2x2 recovery algorithm
[   14.936547] xor: automatically using best checksumming function   avx       
[   14.982156] async_tx: api initialized (async)
done.
Begin: Running /scripts/init-premount ... done.
Begin: Mounting root file system ... Begin: Running /scripts/local-top ... done.
Begin: Running /scripts/local-premount ... [   15.110713] Btrfs loaded, crc32c=crc32c-intel
Scanning for Btrfs filesystems
done.
Warning: fsck no[   15.172430] EXT4-fs (sda1): mounted filesystem with ordered data mode. Opts: (null)
t present, so skipping root file system
done.
Begin: Running /scripts/local-bottom ... done.
Begin: Running /scripts/init-bottom ... done.
[   15.416741] ip_tables: (C) 2000-2006 Netfilter Core Team
[   15.460763] systemd[1]: systemd 237 running in system mode. (+PAM +AUDIT +SELINUX +IMA +APPARMOR +SMACK +SYSVINIT +UTMP +LIBCRYPTSETUP +GCRYPT +GNUTLS +ACL +XZ +LZ4 +SECCOMP +BLKID +ELFUTILS +KMOD -IDN2 +IDN -PCRE2 default-hierarchy=hybrid)
[   15.658277] systemd[1]: Detected virtualization oracle.
[   15.700286] systemd[1]: Detected architecture x86-64.

Welcome to [1mUbuntu 18.04.5 LTS[0m!

[   15.768752] systemd[1]: Set hostname to <ubuntu-bionic>.
[   16.057283] systemd[1]: Reached target System Time Synchronized.
[[0;32m  OK  [0m] Reached target System Time Synchronized.
[   16.148473] systemd[1]: Reached target Swap.
[[0;32m  OK  [0m] Reached target Swap.
[   16.204340] systemd[1]: Set up automount Arbitrary Executable File Formats File System Automount Point.
[[0;32m  OK  [0m] Set up automount Arbitrary Executabâ€¦rmats File System Automount Point.
[   16.301000] systemd[1]: Reached target User and Group Name Lookups.
[[0;32m  OK  [0m] Reached target User and Group Name Lookups.
[   16.381464] systemd[1]: Created slice System Slice.
[[0;32m  OK  [0m] Created slice System Slice.
[   16.440811] systemd[1]: Listening on Network Service Netlink Socket.
[[0;32m  OK  [0m] Listening on Network Service Netlink Socket.
[[0;32m  OK  [0m] Listening on Syslog Socket.
[[0;32m  OK  [0m] Listening on Journal Audit Socket.
[[0;32m  OK  [0m] Listening on Device-mapper event daemon FIFOs.
[[0;32m  OK  [0m] Created slice system-serial\x2dgetty.slice.
[[0;32m  OK  [0m] Listening on LVM2 poll daemon socket.
[[0;32m  OK  [0m] Listening on udev Kernel Socket.
[[0;32m  OK  [0m] Listening on Journal Socket (/dev/log).
[[0;32m  OK  [0m] Listening on /dev/initctl Compatibility Named Pipe.
[[0;32m  OK  [0m] Listening on udev Control Socket.
[[0;32m  OK  [0m] Created slice User and Session Slice.
[[0;32m  OK  [0m] Reached target Slices.
[[0;32m  OK  [0m] Listening on LVM2 metadata daemon socket.
[[0;32m  OK  [0m] Started Forward Password Requests to Wall Directory Watch.
[[0;32m  OK  [0m] Listening on Journal Socket.
         Mounting Huge Pages File System...
         Starting Journal Service...
         Starting Load Kernel Modules...
         Starting Set the console keyboard layout...
[   16.744835] Loading iSCSI transport class v2.0-870.
         Starting Create list of required stâ€¦ce nodes for the current kernel...
         Starting Monitoring of LVM2 mirrorsâ€¦n[   16.815412] iscsi: registered transport (tcp)
g dmeventd or progress polling...
         Mounting Kernel Debug File System...
         Starting Uncomplicated firewall...
         Starting udev Coldplug all Devices...
         Mounting POSIX Message Queue File System...
[   16.920554] iscsi: registered transport (iser)
         Starting Remount Root and Kernel File Systems...
[[0;32m  OK  [0m] Started Journal Service.
[   16.973037] EXT4-fs (sda1): re-mounted. Opts: (null)
[[0;32m  OK  [0m] Mounted Huge Pages File System.
[[0;32m  OK  [0m] Started Load Kernel Modules.
[[0;32m  OK  [0m] Started Create list of required staâ€¦vice nodes for the current kernel.
[[0;32m  OK  [0m] Mounted Kernel Debug File System.
[[0;32m  OK  [0m] Started Uncomplicated firewall.
[[0;32m  OK  [0m] Mounted POSIX Message Queue File System.
[[0;32m  OK  [0m] Started Remount Root and Kernel File Systems.
[[0;32m  OK  [0m] Started LVM2 metadata daemon.
         Starting Load/Save Random Seed...
[   17.126255] random: crng init done
[   17.147229] random: 7 urandom warning(s) missed due to ratelimiting
         Starting Create Static Device Nodes in /dev...
         Mounting FUSE Control File System...
         Mounting Kernel Configuration File System...
         Starting Apply Kernel Variables...
         Starting Flush Journal to Persistent Storage...
[[0;32m  OK  [0m] Started Monitoring of LVM2 mirrors,â€¦sing dmeventd or progress polling.
[[0;32m  OK  [0m] Started udev Coldplug all Devices.
[[0;32m  OK  [0m] Started Load/Save Random Seed.
[[0;32m  OK  [0m] Started Create Static Device Nodes in /dev.
[[0;32m  OK  [0m] Mounted FUSE Control File System.
[[0;32m  OK  [0m] Mounted Kernel Configuration File System.
[[0;32m  OK  [0m] Started Apply Kernel Variables.
         Starting udev Kernel Device Manager...
[[0;32m  OK  [0m] Started udev Kernel Device Manager.
[[0;32m  OK  [0m] Started Flush Journal to Persistent Storage.
[[0;32m  OK  [0m] Found device /dev/ttyS0.
[[0;32m  OK  [0m] Listening on Load/Save RF Kill Switch Status /dev/rfkill Watch.
[[0;32m  OK  [0m] Started Set the console keyboard layout.
[[0;32m  OK  [0m] Started Dispatch Password Requests to Console Directory Watch.
[[0;32m  OK  [0m] Reached target Local Encrypted Volumes.
[[0;32m  OK  [0m] Reached target Local File Systems (Pre).
[[0;32m  OK  [0m] Reached target Local File Systems.
         Starting AppArmor initialization...
         Starting ebtables ruleset management...
         Starting Tell Plymouth To Write Out Runtime Data...
         Starting Set console font and keymap...
         Starting Create Volatile Files and Directories...
[[0;32m  OK  [0m] Started Tell Plymouth To Write Out Runtime Data.
[[0;32m  OK  [0m] Started Set console font and keymap.
[[0;32m  OK  [0m] Started Create Volatile Files and Directories.
         Starting Update UTMP about System Boot/Shutdown...
[[0;32m  OK  [0m] Started Update UTMP about System Boot/Shutdown.
[[0;32m  OK  [0m] Started ebtables ruleset management.
[[0;32m  OK  [0m] Started AppArmor initialization.
         Starting Load AppArmor profiles managed internally by snapd...
         Starting Initial cloud-init job (pre-networking)...
[[0;32m  OK  [0m] Started Load AppArmor profiles managed internally by snapd.
[   20.459472] cloud-init[773]: Cloud-init v. 20.2-45-g5f7825e2-0ubuntu1~18.04.1 running 'init-local' at Tue, 15 Sep 2020 07:59:37 +0000. Up 20.19 seconds.
[[0;32m  OK  [0m] Started Initial cloud-init job (pre-networking).
[[0;32m  OK  [0m] Reached target Network (Pre).
         Starting Network Service...
[[0;32m  OK  [0m] Started Network Service.
         Starting Wait for Network to be Configured...
         Starting Network Name Resolution...
[[0;32m  OK  [0m] Started Network Name Resolution.
[[0;32m  OK  [0m] Reached target Network.
[[0;32m  OK  [0m] Reached target Host and Network Name Lookups.
[[0;32m  OK  [0m] Started Wait for Network to be Configured.
         Starting Initial cloud-init job (metadata service crawler)...
[   22.522339] cloud-init[893]: Cloud-init v. 20.2-45-g5f7825e2-0ubuntu1~18.04.1 running 'init' at Tue, 15 Sep 2020 07:59:39 +0000. Up 22.31 seconds.
[   22.540903] cloud-init[893]: ci-info: ++++++++++++++++++++++++++++++++++++++Net device info+++++++++++++++++++++++++++++++++++++++
[   22.556348] cloud-init[893]: ci-info: +--------+------+-----------------------------+---------------+--------+-------------------+
[   22.573009] cloud-init[893]: ci-info: | Device |  Up  |           Address           |      Mask     | Scope  |     Hw-Address    |
[   22.588624] cloud-init[893]: ci-info: +--------+------+-----------------------------+---------------+--------+-------------------+
[   22.604263] cloud-init[893]: ci-info: | enp0s3 | True |          10.0.2.15          | 255.255.255.0 | global | 02:de:13:0c:aa:f5 |
[   22.620278] cloud-init[893]: ci-info: | enp0s3 | True |  fe80::de:13ff:fe0c:aaf5/64 |       .       |  link  | 02:de:13:0c:aa:f5 |
[   22.640230] cloud-init[893]: ci-info: | enp0s8 | True |         192.168.1.20        | 255.255.255.0 | global | 08:00:27:f0:8c:6f |
[   22.660393] cloud-init[893]: ci-info: | enp0s8 | True | fe80::a00:27ff:fef0:8c6f/64 |       .       |  link  | 08:00:27:f0:8c:6f |
[   22.680740] cloud-init[893]: ci-info: |   lo   | True |          127.0.0.1          |   255.0.0.0   |  host  |         .         |
[   22.696400] cloud-init[893]: ci-info: |   lo   | True |           ::1/128           |       .       |  host  |         .         |
[[0;32m  OK  [0m] Started Initial cloud-init job (metadata service crawler).
[[0;32m  OK  [0m] Reached target Cloud-config availability.
[[0;32m  OK  [0m] Reached target Network is Online.
[   22.802058] cloud-init[893]: ci-info: +--------+------+-----------------------------+---------------+--------+-------------------+
         Starting Availability of block devices...
[[0;32m  OK  [0m] Reached target Remote File Systems (Pre).
[[0;32m  OK  [0m] Reached target Remote File Systems.
[   23.022483] [cloud-init[0;32m  OK  [0m[893]: ] Reached target System Initialization.
ci-info: ++++++++++++++++++++++++++++Route IPv4 info+++++++++++++++++++++++++++++
[[0;32m  OK  [0m] Listening on D-Bus System Message Bus Socket.
[   23.192947] cloud-init[893]: ci-info: +-------+-------------+----------+-----------------+-----------+-------+
         Starting Docker Socket for the API.
[   23.284285] cloud-init[893]: ci-info: | Route | Destination | Gateway  |     Genmask     | Interface | Flags |
[[0;32m  OK  [0m] Listening on ACPID Listen Socket.
[   23.297149] cloud-init[893]: ci-info: +-------+-------------+----------+-----------------+-----------+-------+
[[0;32m  OK  [0m] Listening on UUID daemon activation socket.
[   23.355917] cloud-init[893]: ci-info: |   0   |   0.0.0.0   | 10.0.2.2 |     0.0.0.0     |   enp0s3  |   UG  |
[[0;32m  OK  [0m] Started Discard unused blocks once a week.
[   23.614289] cloud-init[893]: ci-info: |   1   |   10.0.2.0  | 0.0.0.0  |  255.255.255.0  |   enp0s3  |   U   |
[[0;32m  OK  [0m] Started ACPI Events Check.
[[0;32m  OK  [0m] Reached target Paths.
[   23.756364] cloud-init[893]: ci-info: |   2   |   10.0.2.2  | 0.0.0.0  | 255.255.255.255 |   enp0s3  |   UH  |
         Starting LXD - unix socket.
[   23.788626] cloud-init[893]: ci-info: |   3   | 192.168.1.0 | 0.0.0.0  |  255.255.255.0  |   enp0s8  |   U   |
[[0;32m  OK  [0m] Started Daily apt download activities.
[   23.816909] cloud-init[893]: ci-info: +-------+-------------+----------+-----------------+-----------+-------+
[[0;32m  OK  [0m] Started Daily apt upgrade and clean activities.
[   23.959477] [cloud-init[0;32m  OK  [0m[893]: ] ci-info: +++++++++++++++++++Route IPv6 info+++++++++++++++++++Started Message of the Day.

[[0;32m  OK  [0m] Started Daily Cleanup of Temporary Directories.
[   24.245359] cloud-init[893]: ci-info: +-------+-------------+---------+-----------+-------+
         Starting Socket activation for snappy daemon.
[   24.404809] [cloud-init[0;32m  OK  [0m] [893]: Listening on Open-iSCSI iscsid Socket.
ci-info: | Route | Destination | Gateway | Interface | Flags |
[[0;32m  OK  [0m] Reached target Timers.
[   24.445932] cloud-init[893]: ci-info: +-------+-------------+---------+-----------+-------+
[[0;32m  OK  [0m] Started Availability of block devices.
[   24.636488] cloud-init[893]: ci-info: |   1   |  fe80::/64  |    ::   |   enp0s8  |   U   |
[[0;32m  OK  [0m] Listening on Docker Socket for the API.
[[   24.798201] cloud-init[893]: ci-info: |   2   |  fe80::/64  |    ::   |   enp0s3  |   U   |
[0;32m  OK  [0m] Listening on LXD - unix socket.
[   24.808778] cloud-init[893]: ci-info: |   4   |    local    |    ::   |   enp0s3  |   U   |
[[0;32m  OK  [0m] Listening on Socket activation for snappy daemon.
[   24.973282] cloud-init[893]: ci-info: |   5   |    local    |    ::   |   enp0s8  |   U   |
[   25.181116] cloud-init[893]: ci-info: |   6   |   ff00::/8  |    ::   |   enp0s8  |   U   |
[   25.356956] cloud-init[893]: ci-info: |   7   |   ff00::/8  |    ::   |   enp0s3  |   U   |
[   25.372919] cloud-init[893]: ci-info: +-------+-------------+---------+-----------+-------+
[[0;32m  OK  [0m] Reached target Sockets.
[[0;32m  OK  [0m] Reached target Basic System.
[[0;32m  OK  [0m] Started FUSE filesystem for LXC.
         Starting Dispatcher daemon for systemd-networkd...
[[0;32m  OK  [0m] Started irqbalance daemon.
         Starting Pollinate to seed the pseudo random number generator...
         Starting LSB: automatic crash report generation...
         Starting System Logging Service...
         Starting Virtualbox guest utils...
         Starting Login Service...
[[0;32m  OK  [0m] Started Deferred execution scheduler.
         Starting LSB: Record successful boot for GRUB...
         Starting Permit User Sessions...
[[0;32m  OK  [0m] Started Regular background program processing daemon.
         Starting Accounts Service...
         Starting Message of the Day...
         Starting containerd container runtime...
         Starting LXD - container startup/shutdown...
[[0;32m  OK  [0m] Started D-Bus System Message Bus.
[[0;32m  OK  [0m] Started Login Service.
         Starting Snap Daemon...
[[0;32m  OK  [0m] Started Unattended Upgrades Shutdown.
[[0;32m  OK  [0m] Started System Logging Service.
[[0;32m  OK  [0m] Started Dispatcher daemon for systemd-networkd.
[[0;32m  OK  [0m] Started Permit User Sessions.
[[0;32m  OK  [0m] Started containerd container runtime.
[[0;32m  OK  [0m] Started LXD - container startup/shutdown.
         Starting Authorization Manager...
         Starting Docker Application Container Engine...
         Starting Terminate Plymouth Boot Screen...
         Starting Hold until boot process finishes up...
[[0;32m  OK  [0m] Started LSB: automatic crash report generation.
[[0;32m  OK  [0m] Started LSB: Record successful boot for GRUB.
[[0;32m  OK  [0m] Started Terminate Plymouth Boot Screen.
[[0;32m  OK  [0m] Started Hold until boot process finishes up.
[[0;32m  OK  [0m] Started Authorization Manager.
[[0;32m  OK  [0m] Started Virtualbox guest utils.
[[0;32m  OK  [0m] Started Accounts Service.
         Starting Set console scheme...
[[0;32m  OK  [0m] Started Serial Getty on ttyS0.
[[0;32m  OK  [0m] Started Set console scheme.
[[0;32m  OK  [0m] Created slice system-getty.slice.
[[0;32m  OK  [0m] Started Getty on tty1.
[[0;32m  OK  [0m] Reached target Login Prompts.
[[0;32m  OK  [0m] Started Snap Daemon.
         Starting Wait until snapd is fully seeded...
[[0;32m  OK  [0m] Started Wait until snapd is fully seeded.
         Starting Apply the settings specified in cloud-config...
[[0;32m  OK  [0m] Started Pollinate to seed the pseudo random number generator.
         Starting OpenBSD Secure Shell server...
[[0;32m  OK  [0m] Started OpenBSD Secure Shell server.
[[0;32m  OK  [0m] Started Message of the Day.
[[0;32m  OK  [0m] Created slice User Slice of vagrant.
         Starting User Manager for UID 1000...
[[0;32m  OK  [0m] Started Session 1 of user vagrant.
[[0;32m  OK  [0m] Started User Manager for UID 1000.
[   28.002330] cloud-init[1555]: Cloud-init v. 20.2-45-g5f7825e2-0ubuntu1~18.04.1 running 'modules:config' at Tue, 15 Sep 2020 07:59:44 +0000. Up 27.82 seconds.
[[0;32m  OK  [0m] Started Apply the settings specified in cloud-config.
[[0;32m  OK  [0m] Started Docker Application Container Engine.
[[0;32m  OK  [0m] Reached target Multi-User System.
         Starting Execute cloud user/final scripts...
[[0;32m  OK  [0m] Reached target Graphical Interface.
         Starting Update UTMP about System Runlevel Changes...
[[0;32m  OK  [0m] Started Update UTMP about System Runlevel Changes.
[   30.726541] cloud-init[2145]: Cloud-init v. 20.2-45-g5f7825e2-0ubuntu1~18.04.1 running 'modules:final' at Tue, 15 Sep 2020 07:59:47 +0000. Up 30.56 seconds.
[   30.748293] cloud-init[2145]: Cloud-init v. 20.2-45-g5f7825e2-0ubuntu1~18.04.1 finished at Tue, 15 Sep 2020 07:59:47 +0000. Datasource DataSourceNoCloud [seed=/dev/sdb][dsmode=net].  Up 30.71 seconds
[[0;32m  OK  [0m] Started Execute cloud user/final scripts.
[[0;32m  OK  [0m] Reached target Cloud-init target.
         Starting Daily apt download activities...

Ubuntu 18.04.5 LTS ubuntu-bionic ttyS0

ubuntu-bionic login: 