[    0.000000] Linux version 4.15.0-115-generic (buildd@lgw01-amd64-037) (gcc version 7.5.0 (Ubuntu 7.5.0-3ubuntu1~18.04)) #116-Ubuntu SMP Wed Aug 26 14:04:49 UTC 2020 (Ubuntu 4.15.0-115.116-generic 4.15.18)
[    0.000000] Command line: BOOT_IMAGE=/boot/vmlinuz-4.15.0-115-generic root=UUID=ec3bb8ad-c609-4161-9977-43686ffbac4f ro console=tty1 console=ttyS0
[    0.000000] KERNEL supported cpus:
[    0.000000]   Intel GenuineIntel
[    0.000000]   AMD AuthenticAMD
[    0.000000]   Centaur CentaurHauls
[    0.000000] x86/fpu: Supporting XSAVE feature 0x001: 'x87 floating point registers'
[    0.000000] x86/fpu: Supporting XSAVE feature 0x002: 'SSE registers'
[    0.000000] x86/fpu: Supporting XSAVE feature 0x004: 'AVX registers'
[    0.000000] x86/fpu: xstate_offset[2]:  576, xstate_sizes[2]:  256
[    0.000000] x86/fpu: Enabled xstate features 0x7, context size is 832 bytes, using 'standard' format.
[    0.000000] e820: BIOS-provided physical RAM map:
[    0.000000] BIOS-e820: [mem 0x0000000000000000-0x000000000009fbff] usable
[    0.000000] BIOS-e820: [mem 0x000000000009fc00-0x000000000009ffff] reserved
[    0.000000] BIOS-e820: [mem 0x00000000000f0000-0x00000000000fffff] reserved
[    0.000000] BIOS-e820: [mem 0x0000000000100000-0x00000000dffeffff] usable
[    0.000000] BIOS-e820: [mem 0x00000000dfff0000-0x00000000dfffffff] ACPI data
[    0.000000] BIOS-e820: [mem 0x00000000fec00000-0x00000000fec00fff] reserved
[    0.000000] BIOS-e820: [mem 0x00000000fee00000-0x00000000fee00fff] reserved
[    0.000000] BIOS-e820: [mem 0x00000000fffc0000-0x00000000ffffffff] reserved
[    0.000000] BIOS-e820: [mem 0x0000000100000000-0x0000000196ffffff] usable
[    0.000000] NX (Execute Disable) protection: active
[    0.000000] SMBIOS 2.5 present.
[    0.000000] DMI: innotek GmbH VirtualBox/VirtualBox, BIOS VirtualBox 12/01/2006
[    0.000000] Hypervisor detected: KVM
[    0.000000] e820: last_pfn = 0x197000 max_arch_pfn = 0x400000000
[    0.000000] MTRR: Disabled
[    0.000000] x86/PAT: TRRs disabled, skipping PAT initialization too.
[    0.000000] CPU MTRRs all blank - virtualized system.
[    0.000000] x86/PAT: Configuration [0-7]: WB  WT  UC- UC  WB  WT  UC- UC  
[    0.000000] e820: last_pfn = 0xdfff0 max_arch_pfn = 0x400000000
[    0.000000] found SMP MP-table at [mem 0x0009fff0-0x0009ffff]
[    0.000000] Scanning 1 areas for low memory corruption
[    0.000000] RAMDISK: [mem 0x3595d000-0x36ca5fff]
[    0.000000] ACPI: Early table checksum verification disabled
[    0.000000] ACPI: RSDP 0x00000000000E0000 000024 (v02 VBOX  )
[    0.000000] ACPI: XSDT 0x00000000DFFF0030 00003C (v01 VBOX   VBOXXSDT 00000001 ASL  00000061)
[    0.000000] ACPI: FACP 0x00000000DFFF00F0 0000F4 (v04 VBOX   VBOXFACP 00000001 ASL  00000061)
[    0.000000] ACPI: DSDT 0x00000000DFFF0480 002325 (v02 VBOX   VBOXBIOS 00000002 INTL 20100528)
[    0.000000] ACPI: FACS 0x00000000DFFF0200 000040
[    0.000000] ACPI: FACS 0x00000000DFFF0200 000040
[    0.000000] ACPI: APIC 0x00000000DFFF0240 000064 (v02 VBOX   VBOXAPIC 00000001 ASL  00000061)
[    0.000000] ACPI: SSDT 0x00000000DFFF02B0 0001CC (v01 VBOX   VBOXCPUT 00000002 INTL 20100528)
[    0.000000] No NUMA configuration found
[    0.000000] Faking a node at [mem 0x0000000000000000-0x0000000196ffffff]
[    0.000000] NODE_DATA(0) allocated [mem 0x196fd1000-0x196ffbfff]
[    0.000000] kvm-clock: cpu 0, msr 1:96f50001, primary cpu clock
[    0.000000] kvm-clock: Using msrs 4b564d01 and 4b564d00
[    0.000000] kvm-clock: using sched offset of 3421175470 cycles
[    0.000000] clocksource: kvm-clock: mask: 0xffffffffffffffff max_cycles: 0x1cd42e4dffb, max_idle_ns: 881590591483 ns
[    0.000000] Zone ranges:
[    0.000000]   DMA      [mem 0x0000000000001000-0x0000000000ffffff]
[    0.000000]   DMA32    [mem 0x0000000001000000-0x00000000ffffffff]
[    0.000000]   Normal   [mem 0x0000000100000000-0x0000000196ffffff]
[    0.000000]   Device   empty
[    0.000000] Movable zone start for each node
[    0.000000] Early memory node ranges
[    0.000000]   node   0: [mem 0x0000000000001000-0x000000000009efff]
[    0.000000]   node   0: [mem 0x0000000000100000-0x00000000dffeffff]
[    0.000000]   node   0: [mem 0x0000000100000000-0x0000000196ffffff]
[    0.000000] Reserved but unavailable: 98 pages
[    0.000000] Initmem setup node 0 [mem 0x0000000000001000-0x0000000196ffffff]
[    0.000000] ACPI: PM-Timer IO Port: 0x4008
[    0.000000] IOAPIC[0]: apic_id 3, version 32, address 0xfec00000, GSI 0-23
[    0.000000] ACPI: INT_SRC_OVR (bus 0 bus_irq 0 global_irq 2 dfl dfl)
[    0.000000] ACPI: INT_SRC_OVR (bus 0 bus_irq 9 global_irq 9 low level)
[    0.000000] Using ACPI (MADT) for SMP configuration informtion
[    0.000000] smpboot: Allowing 3 CPUs, 0 hotplug CPUs
[    0.000000] PM: Registered nosave memory: [mem 0x00000000-0x00000fff]
[    0.000000] PM: Registered nosave memory: [mem 0x0009f000-0x0009ffff]
[    0.000000] PM: Registered nosave memory: [mem 0x000a0000-0x000effff]
[    0.000000] PM: Registered nosave memory: [mem 0x000f0000-0x000fffff]
[    0.000000] PM: Registered nosave memory: [mem 0xdfff0000-0xdfffffff]
[    0.000000] PM: Registered nosave memory: [mem 0xe0000000-0xfebfffff]
[    0.000000] PM: Registered nosave memory: [mem 0xfec00000-0xfec00fff]
[    0.000000] PM: Registered nosave memory: [mem 0xfec01000-0xfedfffff]
[    0.000000] PM: Registered nosave memory: [mem 0xfee00000-0xfee00fff]
[    0.000000] PM: Registered nosave memory: [mem 0xfee01000-0xfffbffff]
[    0.000000] PM: Registered nosave memory: [mem 0xfffc0000-0xffffffff]
[    0.000000] e820: [mem 0xe0000000-0xfebfffff] available for PCI devices
[    0.000000] Booting paravirtualized kernel on KVM
[    0.000000] clocksource: refined-jiffies: mask: 0xffffffff max_cycles: 0xffffffff, max_idle_ns: 7645519600211568 ns
[    0.000000] random: get_random_bytes called from start_kernel+0x99/0x500 with crng_init=0
[    0.000000] setup_percpu: NR_CPUS:8192 nr_cpumask_bits:3 nr_cpu_ids:3 nr_node_ids:1
[    0.000000] percpu: Embedded 45 pages/cpu s147456 r8192 d28672 u524288
[    0.000000] PV qspinlock hash table entries: 256 (order: 0, 4096 bytes)
[    0.000000] Built 1 zonelists, mobility grouping on.  Total pages: 1511865
[    0.000000] Policy zone: Normal
[    0.000000] Kernel command line: BOOT_IMAGE=/boot/vmlinuz-4.15.0-115-generic root=UUID=ec3bb8ad-c609-4161-9977-43686ffbac4f ro console=tty1 console=ttyS0
[    0.000000] Memory: 5931904K/6143544K available (12300K kernel code, 2481K rwdata, 4272K rodata, 2436K init, 2724K bss, 211640K reserved, 0K cma-reserved)
[    0.000000] SLUB: HWalign=64, Order=0-3, MinObjects=0, CPUs=3, Nodes=1
[    0.000000] Kernel/User page tables isolation: enabled
[    0.000000] ftrace: allocating 39392 entries in 154 pages
[    0.004000] Hierarchical RCU implementation.
[    0.004000] 	RCU restricting CPUs from NR_CPUS=8192 to nr_cpu_ids=3.
[    0.004000] 	Tasks RCU enabled.
[    0.004000] RCU: Adjusting geometry for rcu_fanout_leaf=16, nr_cpu_ids=3
[    0.004000] NR_IRQS: 524544, nr_irqs: 448, preallocated irqs: 16
[    0.004000] Console: colour VGA+ 80x25
[    0.004000] console [tty1] enabled
[    0.004000] console [ttyS0] enabled
[    0.004000] ACPI: Core revision 20170831
[    0.004000] ACPI: 2 ACPI AML tables successfully acquired and loaded
[    0.004000] APIC: Switch to symmetric I/O mode setup
[    0.004490] x2apic enabled
[    0.008006] Switched APIC routing to physical x2apic.
[    0.013366] ..TIMER: vector=0x30 apic1=0 pin1=2 apic2=-1 pin2=-1
[    0.016005] tsc: Detected 3407.998 MHz processor
[    0.020008] Calibrating delay loop (skipped) preset value.. 6815.99 BogoMIPS (lpj=13631992)
[    0.024005] pid_max: default: 32768 minimum: 301
[    0.028037] Security Framework initialized
[    0.032005] Yama: becoming mindful.
[    0.036032] AppArmor: AppArmor initialized
[    0.048143] Dentry cache hash table entries: 1048576 (order: 11, 8388608 bytes)
[    0.054401] Inode-cache hash table entries: 524288 (order: 10, 4194304 bytes)
[    0.060042] Mount-cache hash table entries: 16384 (order: 5, 131072 bytes)
[    0.064022] Mountpoint-cache hash table entries: 16384 (order: 5, 131072 bytes)
[    0.068260] Last level iTLB entries: 4KB 64, 2MB 8, 4MB 8
[    0.072004] Last level dTLB entries: 4KB 64, 2MB 0, 4MB 0, 1GB 4
[    0.076006] Spectre V1 : Mitigation: usercopy/swapgs barriers and __user pointer sanitization
[    0.080005] Spectre V2 : Mitigation: Full generic retpoline
[    0.084004] Spectre V2 : Spectre v2 / SpectreRSB mitigation: Filling RSB on context switch
[    0.088004] Speculative Store Bypass: Vulnerable
[    0.092031] SRBDS: Unknown: Dependent on hypervisor status
[    0.096004] MDS: Mitigation: Clear CPU buffers
[    0.100184] Freeing SMP alternatives memory: 36K
[    0.216371] smpboot: CPU0: Intel(R) Core(TM) i7-6700 CPU @ 3.40GHz (family: 0x6, model: 0x5e, stepping: 0x3)
[    0.220074] Performance Events: unsupported p6 CPU model 94 no PMU driver, software events only.
[    0.224053] Hierarchical SRCU implementation.
[    0.232064] NMI watchdog: Perf event create on CPU 0 failed with -2
[    0.236004] NMI watchdog: Perf NMI watchdog permanently disabled
[    0.244057] smp: Bringing up secondary CPUs ...
[    0.248253] x86: Booting SMP configuration:
[    0.252030] .... node  #0, CPUs:      #1
[    0.004000] kvm-clock: cpu 1, msr 1:96f50041, secondary cpu clock
[    0.388128]  #2
[    0.004000] kvm-clock: cpu 2, msr 1:96f50081, secondary cpu clock
[    0.466449] smp: Brought up 1 node, 3 CPUs
[    0.468006] smpboot: Max logical packages: 1
[    0.472007] smpboot: Total of 3 processors activated (20447.98 BogoMIPS)
[    0.476291] devtmpfs: initialized
[    0.480063] x86/mm: Memory block size: 128MB
[    0.484542] evm: security.selinux
[    0.488008] evm: security.SMACK64
[    0.492004] evm: security.SMACK64EXEC
[    0.496004] evm: security.SMACK64TRANSMUTE
[    0.500003] evm: security.SMACK64MMAP
[    0.504004] evm: security.apparmor
[    0.508004] evm: security.ima
[    0.512003] evm: security.capability
[    0.516153] clocksource: jiffies: mask: 0xffffffff max_cycles: 0xffffffff, max_idle_ns: 7645041785100000 ns
[    0.520013] futex hash table entries: 1024 (order: 4, 65536 bytes)
[    0.524064] pinctrl core: initialized pinctrl subsystem
[    0.528163] RTC time:  7:36:20, date: 09/07/20
[    0.532204] NET: Registered protocol family 16
[    0.536080] audit: initializing netlink subsys (disabled)
[    0.540048] audit: type=2000 audit(1599464179.309:1): state=initialized audit_enabled=0 res=1
[    0.604009] cpuidle: using governor ladder
[    0.608013] cpuidle: using governor menu
[    0.612045] ACPI: bus type PCI registered
[    0.616005] acpiphp: ACPI Hot Plug PCI Controller Driver version: 0.5
[    0.620113] PCI: Using configuration type 1 for base access
[    0.628062] HugeTLB registered 2.00 MiB page size, pre-allocated 0 pages
[    0.633104] ACPI: Added _OSI(Module Device)
[    0.636011] ACPI: Added _OSI(Processor Device)
[    0.640060] ACPI: Added _OSI(3.0 _SCP Extensions)
[    0.644006] ACPI: Added _OSI(Processor Aggregator Device)
[    0.648019] ACPI: Added _OSI(Linux-Dell-Video)
[    0.652006] ACPI: Added _OSI(Linux-Lenovo-NV-HDMI-Audio)
[    0.656005] ACPI: Added _OSI(Linux-HPI-Hybrid-Graphics)
[    0.660396] ACPI: Executed 1 blocks of module-level executable AML code
[    0.668509] ACPI: Interpreter enabled
[    0.672019] ACPI: (supports S0 S5)
[    0.676018] ACPI: Using IOAPIC for interrupt routin
[    0.680266] PCI: Using host bridge windows from ACPI; if necessary, use "pci=nocrs" and report a bug
[    0.684220] ACPI: Enabled 2 GPEs in block 00 to 07
[    0.700067] ACPI: PCI Root Bridge [PCI0] (domain 0000 [bus 00-ff])
[    0.704012] acpi PNP0A03:00: _OSC: OS supports [ASPM ClockPM Segments MSI]
[    0.708655] acpi PNP0A03:00: _OSC: not requesting OS control; OS requires [ExtendedConfig ASPM ClockPM MSI]
[    0.712019] acpi PNP0A03:00: fail to add MMCONFIG information, can't access extended PCI configuration space under this bridge.
[    0.716444] PCI host bridge to bus 0000:00
[    0.720007] pci_bus 0000:00: root bus resource [io  0x0000-0x0cf7 window]
[    0.724008] pci_bus 0000:00: root bus resource [io  0x0d00-0xffff window]
[    0.728006] pci_bus 0000:00: root bus resource [mem 0x000a0000-0x000bffff window]
[    0.732006] pci_bus 0000:00: root bus resource [mem 0xe0000000-0xfdffffff window]
[    0.736006] pci_bus 0000:00: root bus resource [bus 00-ff]
[    0.744544] pci 0000:00:01.1: legacy IDE quirk: reg 0x10: [io  0x01f0-0x01f7]
[    0.748006] pci 0000:00:01.1: legacy IDE quirk: reg 0x14: [io  0x03f6]
[    0.752006] pci 0000:00:01.1: legacy IDE quirk: reg 0x18: [io  0x0170-0x0177]
[    0.756006] pci 0000:00:01.1: legacy IDE quirk: reg 0x1c: [io  0x0376]
[    0.809722] pci 0000:00:07.0: quirk: [io  0x4000-0x403f] claimed by PIIX4 ACPI
[    0.812022] pci 0000:00:07.0: quirk: [io  0x4100-0x410f] claimed by PIIX4 SMB
[    0.853780] ACPI: PCI Interrupt Link [LNKA] (IRQs 5 9 10 *11)
[    0.856356] ACPI: PCI Interrupt Link [LNKB] (IRQs 5 9 *10 11)
[    0.860235] ACPI: PCI Interrupt Link [LNKC] (IRQs 5 *9 10 11)
[    0.864160] ACPI: PCI Interrupt Link [LNKD] (IRQs 5 9 10 *11)
[    0.868423] SCSI subsystem initialized
[    0.876105] pci 0000:00:02.0: vgaarb: setting as boot VGA device
[    0.880000] pci 0000:00:02.0: vgaarb: VGA device added: decodes=io+mem,owns=io+mem,locks=none
[    0.880007] pci 0000:00:02.0: vgaarb: bridge control possible
[    0.884004] vgaarb: loaded
[    0.888033] ACPI: bus type USB registered
[    0.892028] usbcore: registered new interface driver usbfs
[    0.896021] usbcore: registered new interface driver hub
[    0.900033] usbcore: registered new device driver usb
[    0.908020] EDAC MC: Ver: 3.0.0
[    0.916114] PC: Using ACPI for IRQ routing
[    0.920293] NetLabel: Initializing
[    0.924004] NetLabel:  domain hash size = 128
[    0.928003] NetLabel:  protocols = UNLABELED CIPSOv4 CALIPSO
[    0.932022] NetLabel:  unlabeled traffic allowed by default
[    0.936126] clocksource: Switched to clocksource kvm-clock
[    0.981302] VFS: Disk quotas dquot_6.6.0
[    1.009201] VFS: Dquot-cache hash table entries: 512 (order 0, 4096 bytes)
[    1.054657] AppArmor: AppArmor Filesystem Enabled
[    1.082674] pnp: PnP ACPI init
[    1.106962] pnp: PnP ACPI: found 3 devices
[    1.148361] clocksource: acpi_pm: mask: 0xffffff max_cycles: 0xffffff, max_idle_ns: 2085701024 ns
[    1.209987] NET: Registered protocol family 2
[    1.246949] TCP established hash table entries: 65536 (order: 7, 524288 bytes)
[    1.301404] TCP bind hash table entries: 65536 (order: 8, 1048576 bytes)
[    1.350249] TCP: Hash tables configured (established 65536 bind 65536)
[    1.389798] UDP hash table entries: 4096 (order: 5, 131072 bytes)
[    1.428130] UDP-Lite hash table entries: 4096 (order: 5, 131072 bytes)
[    1.471528] NET: Registered protocol family 1
[    1.500512] pci 0000:00:00.0: Limiting direct PCI/PCI transfers
[    1.537554] pci 0000:00:01.0: Activating ISA DMA hang workarounds
[    1.575977] pci 0000:00:02.0: Video device with shadowed ROM at [mem 0x000c0000-0x000dffff]
[    1.630868] Unpacking initramfs...
[    1.909576] Freeing initrd memory: 19748K
[    1.933942] PCI-DMA: Using software bounce buffering for IO (SWIOTLB)
[    1.980242] software IO TLB: mapped [mem 0xdbff0000-0xdfff0000] (64MB)
[    2.031326] clocksource: tsc: mask: 0xffffffffffffffff max_cycles: 0x311fd208cfc, max_idle_ns: 440795283699 ns
[    2.105958] platform rtc_cmos: registered platform RTC device (no PNP device found)
[    2.152803] Scanning for low memory corruption every 60 seconds
[    2.204850] Initialise system trusted keyrings
[    2.245378] Key type blacklist registered
[    2.270578] workingset: timestamp_bits=36 max_order=21 bucket_order=0
[    2.331430] zbud: loaded
[    2.350711] squashfs: version 4.0 2009/01/31) Phillip Lougher
[    2.424563] fuse init (API version 7.26)
[    2.465608] Key type asymmetric registered
[    2.504130] Asymmetric key parser 'x509' registered
[    2.536702] Block layer SCSI generic (bsg) driver version 0.4 loaded (major 246)
[    2.594051] io scheduler noop registered
[    2.622029] io scheduler deadline registered
[    2.650651] io scheduler cfq registered (default)
[    2.680857] ACPI: AC Adapter [AC] (on-line)
[    2.710174] input: Power Button as /devices/LNXSYSTM:00/LNXPWRBN:00/input/input0
[    2.756658] ACPI: Power Button [PWRF]
[    2.785329] input: Sleep Button as /devices/LNXSYSTM:00/LNXSLPBN:00/input/input1
[    2.832864] ACPI: Sleep Button [SLPF]
[    2.855751] Serial: 8250/16550 driver, 32 ports, IRQ sharing enabled
[    2.944173] 00:02: ttyS0 at I/O 0x3f8 (irq = 4, base_baud = 115200) is a 16550A
[    3.008503] Linux agpgart interface v0.103
[    3.044889] loop: module loaded
[    3.072571] scsi host0: ata_piix
[    3.110838] scsi host1: ata_piix
[    3.148718] ata1: PATA max UDMA/33 cmd 0x1f0 ctl 0x3f6 bmdma 0xd000 irq 14
[    3.209915] ata2: PATA max UDMA/33 cmd 0x170 ctl 0x376 bmdma 0xd008 irq 15
[    3.261591] libphy: Fixed MDIO Bus: probed
[    3.295787] tun: Universal TUN/TAP device driver, 1.6
[    3.338242] PPP generic driver version 2.4.2
[    3.374664] ehci_hcd: USB 2.0 'Enhanced' Host Controller (EHCI) Driver
[    3.432440] ehci-pci: EHCI PCI platform driver
[    3.468075] ehci-platform: EHCI generic platform driver
[    3.502179] ohci_hcd: USB 1.1 'Open' Host Controller (OHCI) Driver
[    3.544268] ohci-pci: OHCI PCI platform driver
[    3.573637] ohci-platform: OHCI generic platform driver
[    3.606822] uhci_hcd: USB Universal Host Controller Interface driver
[    3.646717] i8042: PNP: PS/2 Controller [PNP0303:PS2K,PNP0f03:PS2M] at 0x60,0x64 irq 1,12
[    3.696577] serio: i8042 KBD port at 0x60,0x64 irq 1
[    3.733580] serio: i8042 AUX port at 0x60,0x64 irq 12
[    3.779748] mousedev: PS/2 mouse device common for all mice
[    3.823533] rtc_cmos rtc_cmos: rtc core: registered rtc_cmos as rtc0
[    3.888257] rtc_cmos rtc_cmos: alarms up to one day, 114 bytes nvram
[    3.955794] i2c /dev entries driver
[    3.994152] device-mapper: event: version 1.0.3
[    4.063723] device-mapper: ioctl: 4.37.0-ioctl (2017-09-20) initialised: dm-devel@redhat.com
[    4.132326] input: AT Translated Set 2 keyboard as /devices/platform/i8042/serio0/input/input2
[    4.136393] ledtrig-cpu: registered to indicate activity on CPUs
[    4.253655] NET: Registered protocol family 10
[    4.297823] Segment Routing with IPv6
[    4.330085] NET: Registered protocol family 17
[    4.361278] Key type dns_resolver registered
[    4.386314] mce: Using 0 MCE banks
[    4.408520] RAS: Correctable Errors collector initialized.
[    4.445166] sched_clock: Marking stable (4445147317, 0)->(13493031102, -9047883785)
[    4.496286] registered taskstats version 1
[    4.522474] Loading compiled-in X.509 certificates
[    4.552687] Loaded X.509 cert 'Build time autogenerated kernel key: 4655b2c914ed6b33eca2e2b4a955f269ad793254'
[    4.613391] zswap: loaded using pool lzo/zbud
[    4.646962] Key type big_key registered
[    4.673712] Key type trusted registered
[    4.700248] Key type encrypted registered
[    4.730632] AppArmor: AppArmor sha1 policy hashing enabled
[    4.772758] ima: No TPM chip found, activating TPM-bypass! (rc=-19)
[    4.837136] ima: Allocated hash algorithm: sha1
[    4.865081] evm: HMAC attrs: 0x1
[    4.889845]   Magic number: 4:864:621
[    4.913649] rtc_cmos rtc_cmos: setting system clock to 2020-09-07 07:36:27 UTC (1599464187)
[    4.992544] BIOS EDD facility v0.16 2004-Jun-25, 0 devices found
[    5.035111] EDD information not available.
[    5.062595] Freeing unused kernel image memory: 2436K
[    5.124591] Write protecting the kernel read-only data: 20480k
[    5.167936] Freeing unused kernel image memory: 2008K
[    5.209491] Freeing unused kernel image memory: 1872K
[    5.255006] x86/mm: Checked W+X mappings: passed, no W+X pages found.
[    5.299766] x86/mm: Checking user space page tables
[    5.339393] x86/mm: Checked W+X mappings: passed, no W+X pages found.
Loading, please wait...
starting version 237
[    5.439029] e1000: Intel(R) PRO/1000 Network Driver - version 7.3.21-k8-NAPI
[    5.510593] e1000: Copyright (c) 1999-2006 Intel Corporation.
[    5.550878] Fusion MPT base driver 3.04.20
[    5.589527] Copyright (c) 1999-2008 LSI Corporation
[    5.653426] Fusion MPT SPI Host driver 3.04.20
[    5.731761] AVX2 version of gcm_enc/dec engaged.
[    5.766769] AES CTR mode by8 optimization enabled
[    5.931958] input: ImExPS/2 Generic Explorer Mouse as /devices/platform/i8042/serio1/input/input4
[    6.009303] e1000 0000:00:03.0 eth0: (PCI:33MHz:32-bit) 02:de:13:0c:aa:f5
[    6.050058] e1000 0000:00:03.0 eth0: Intel(R) PRO/1000 Network Connection
[    6.096431] mptbase: ioc0: Initiating bringup
[    7.624229] ioc0: LSI53C1030 A0: Capabilities={Initiator}
[   10.638793] scsi host2: ioc0: LSI53C1030 A0, FwRev=00000000h, Ports=1, MaxQ=256, IRQ=20
[   12.531449] scsi 2:0:0:0: Direct-Access     VBOX     HARDDISK         1.0  PQ: 0 ANSI: 5
[   12.640241] scsi target2:0:0: Beginning Domain Validation
[   12.739456] scsi target2:0:0: Domain Validation skipping write tests
[   12.805025] scsi target2:0:0: Ending Domain Validation
[   12.844368] scsi target2:0:0: asynchronous
[   12.877301] scsi 2:0:1:0: Direct-Access     VBOX     HARDDISK         1.0  PQ: 0 ANSI: 5
[   13.087017] scsi target2:0:1: Beginning Domain Validation
[   13.103272] e1000 0000:00:08.0 eth1: (PCI:33MHz:32-bit) 08:00:27:f0:8c:6f
[   13.194382] e1000 0000:00:08.0 eth1: Intel(R) PRO/1000 Network Connection
[   13.259191] e1000 0000:00:03.0 enp0s3: renamed from eth0
[   13.261031] scsi target2:0:1: Domain Validation skipping write tests
[   13.365114] scsi target2:0:1: Ending Domain Validation
[   13.407056] scsi target2:0:1: asynchronous
[   13.443227] e1000 0000:00:08.0 enp0s8: renamed from eth1
[   13.450747] sd 2:0:0:0: Attached scsi generic sg0 type 0
[   13.489736] sd 2:0:0:0: [sda] 104857600 512-byte logical blocks: (53.7 GB/50.0 GiB)
[   13.536186] sd 2:0:1:0: Attached scsi generic sg1 type 0
[   13.536739] sd 2:0:1:0: [sdb] 20480 512-byte logical blocks: (10.5 MB/10.0 MiB)
[   13.536797] sd 2:0:1:0: [sdb] Write Protect is off
[   13.536977] sd 2:0:1:0: [sdb] Incomplete mode parameter data
[   13.536978] sd 2:0:1:0: [sdb] Assuming drive cache: write through
[   13.537940] random: fast init done
[   13.540699] random: systemd-udevd: uninitialized urandom read (16 bytes read)
[   13.540709] random: systemd-udevd: uninitialized urandom read (16 bytes read)
[   13.540733] random: systemd-udevd: uninitialized urandom read (16 bytes read)
[   13.541168] sd 2:0:1:0: [sdb] Attached SCSI disk
[   13.601073] sd 2:0:0:0: [sda] Write Protect is off
[   14.113466] sd 2:0:0:0: [sda] Incomplete mode parameter data
[   14.152849] sd 2:0:0:0: [sda] Assuming drive cache: write through
[   14.205628]  sda: sda1
[   14.224018] sd 2:0:0:0: [sda] Attached SCSI disk
Begin: Loading essential drivers ... [   15.856301] raid6: sse2x1   gen() 12587 MB/s
[   15.960239] raid6: sse2x1   xor()  7659 MB/s
[   16.048685] raid6: sse2x2   gen() 14403 MB/s
[   16.176484] raid6: sse2x2   xor()  9653 MB/s
[   16.256523] raid6: sse2x4   gen() 16496 MB/s
[   16.344296] raid6: sse2x4   xor()  7439 MB/s
[   16.420435] raid6: avx2x1   gen() 22900 MB/s
[   16.500266] raid6: avx2x1   xor() 16613 MB/s
[   16.584103] raid6: avx2x2   gen() 29812 MB/s
[   16.668204] raid6: avx2x2   xor() 12265 MB/s
[   16.748058] raid6: avx2x4   gen() 31110 MB/s
[   16.824105] raid6: avx2x4   xor() 18712 MB/s
[   16.852005] raid6: using algorithm avx2x4 gen() 31110 MB/s
[   16.886342] raid6: .... xor() 18712 MB/s, rmw enabled
[   16.917165] raid6: using avx2x2 recovery algorithm
[   16.958036] xor: automatically using best checksumming function   avx       
[   17.008336] async_tx: api initialized (async)
done.
Begin: Running /scripts/init-premount ... done.
Begin: Mounting root file system ... Begin: Running /scripts/local-top ... done.
Begin: Running /scripts/local-premount ... [   17.091547] Btrfs loaded, crc32c=crc32c-intel
Scanning for Btrfs filesystems
done.
Warning: fsck not present, so skipping root file system
[   17.168651] EXT4-fs (sda1): mounted filesystem with ordered data mode. Opts: (null)
done.
Begin: Running /scripts/local-bottom ... done.
Begin: Running /scripts/init-bottom ... done.
[   17.382880] ip_tables: (C) 2000-2006 Netfilter Core Team
[   17.430251] systemd[1]: systemd 237 running in system mode. (+PAM +AUDIT +SELINUX +IMA +APPARMOR +SMACK +SYSVINIT +UTMP +LIBCRYPTSETUP +GCRYPT +GNUTLS +ACL +XZ +LZ4 +SECCOMP +BLKID +ELFUTILS +KMOD -IDN2 +IDN -PCRE2 default-hierarchy=hybrid)
[   17.637606] systemd[1]: Detected virtualization oracle.
[   17.721157] systemd[1]: Detected architecture x86-64.

Welcome to [1mUbuntu 18.04.5 LTS[0m!

[   17.888119] systemd[1]: Set hostname to <ubuntu-bionic>.
[   18.756286] systemd[1]: Created slice System Slice.
[[0;32m  OK  [0m] Created slice System Slice.
[   19.523197] systemd[1]: Created slice User and Session Slice.
[[0;32m  OK  [0m] Created slice User and Session Slice.
[   20.426617] systemd[1]: Started Forward Password Requests to Wall Directory Watch.
[[0;32m  OK  [0m] Started Forward Password Requests to Wall Directory Watch.
[   20.520893] systemd[1]: Listening on Network Service Netlink Socket.
[[0;32m  OK  [0m] Listening on Network Service Netlink Socket.
[   20.605758] systemd[1]: Reached target Swap.
[[0;32m  OK  [0m] Reached target Swap.
[   21.522382] systemd[1]: Reached target User and Group Name Lookups.
[[0;32m  OK  [0m] Reached target User and Group Name Lookups.
[[0;32m  OK  [0m] Listening on LVM2 poll daemon socket.
[[0;32m  OK  [0m] Listening on udev Control Socket.
[[0;32m  OK  [0m] Listening on udev Kernel Socket.
[[0;32m  OK  [0m] Listening on Journal Socket.
         Starting Load Kernel Modules...
         Starting Remount[   22.088666] Loading iSCSI transport class v2.0-870.
 Root and Kernel File Systems...
         Starting Create list of required[   22.136725] iscsi: registered transport (tcp)
 stâ€¦ce nodes for the current kernel...
[   22.168914] EXT4-fs (sda1): re-mounted. Opts: (null)
         Starting Uncomplicated firewall...
         Starting Set the console keyboard layout...
[   22.215286] iscsi: registered transport (iser)
[[0;32m  OK  [0m] Listening on Journal Socket (/dev/log).
         Starting udev Coldplug all Devices...
         Mounting Kernel Debug File System...
[[0;32m  OK  [0m] Listening on Device-mapper event daemon FIFOs.
         Mounting Huge Pages File System...
[[0;32m  OK  [0m] Listening on /dev/initctl Compatibility Named Pipe.
[[0;32m  OK  [0m] Set up automount Arbitrary Executabâ€¦rmats File System Autom[   22.336182] random: crng init done
ount Point.
[   22.359556] random: 7 urandom warning(s) missed due to ratelimiting
[[0;32m  OK  [0m] Created slice system-serial\x2dgetty.slice.
         Mounting POSIX Message Queue File System...
[   22.440388] systemd[1]: Listening on LVM2 metadata daemon socket.
[[0;32m  OK  [0m] Listening on LVM2 metadata daemon socket.
[   22.496257] systemd[1]: Listening on Journal Audit Socket.
[[0;32m  OK  [0m] Listening on Journal Audit Socket.
[   22.564311] systemd[1]: Reached target Slices.
[[0;32m  OK  [0m] Reached target Slices.
[   22.616560] systemd[1]: Listening on Syslog Socket.
[[0;32m  OK  [0m] Listening on Syslog Socket.
[   22.670314] systemd[1]: Starting Journal Service...
         Starting Journal Service...
[   22.718323] systemd[1]: Starting Monitoring of LVM2 mirrors, snapshots etc. using dmeventd or progress polling...
         Starting Monitoring of LVM2 mirrorsâ€¦ng dmeventd or progress polling...
[   22.944433] systemd[1]: Reached target System Time Synchronized.
[[0;32m  OK  [0m] Reached target System Time Synchronized.
[   23.041399] systemd[1]: Started Journal Service.
[[0;32m  OK  [0m] Started Journal Service.
[[0;32m  OK  [0m] Started Load Kernel Modules.
[[0;32m  OK  [0m] Started Remount Root and Kernel File Systems.
[[0;32m  OK  [0m] Started Create list of required staâ€¦vice nodes for the current kernel.
[[0;32m  OK  [0m] Started Uncomplicated firewall.
[[0;32m  OK  [0m] Mounted Kernel Debug File System.
[[0;32m  OK  [0m] Mounted Huge Pages File System.
[[0;32m  OK  [0m] Mounted POSIX Message Queue File System.
[[0;32m  OK  [0m] Started Set the console keyboard layout.
[[0;32m  OK  [0m] Started udev Coldplug all Devices.
[[0;32m  OK  [0m] Started LVM2 metadata daemon.
         Starting Create Static Device Nodes in /dev...
         Starting Load/Save Random Seed...
         Mounting Kernel Configuration File System...
         Mounting FUSE Control File System...
         Starting Apply Kernel Variables...
         Starting Flush Journal to Persistent Storage...
[[0;32m  OK  [0m] Started Monitoring of LVM2 mirrors,â€¦sing dmeventd or progress polling.
[[0;32m  OK  [0m] Started Create Static Device Nodes in /dev.
[[0;32m  OK  [0m] Started Load/Save Random Seed.
[[0;32m  OK  [0m] Mounted Kernel Configuration File System.
[[0;32m  OK  [0m] Mounted FUSE Control File System.
[[0;32m  OK  [0m] Started Apply Kernel Variables.
         Starting udev Kernel Device Manager...
[[0;32m  OK  [0m] Reached target Local File Systems (Pre).
[[0;32m  OK  [0m] Reached target Local File Systems.
         Starting ebtables ruleset management...
         Starting AppArmor initialization...
         Starting Tell Plymouth To Write Out Runtime Data...
         Starting Set console font and keymap...
[[0;32m  OK  [0m] Started udev Kernel Device Manager.
[[0;32m  OK  [0m] Started Tell Plymouth To Write Out Runtime Data.
[[0;32m  OK  [0m] Started Set console font and keymap.
[[0;32m  OK  [0m] Started Dispatch Password Requests to Console Directory Watch.
[[0;32m  OK  [0m] Reached target Local Encrypted Volumes.
[[0;32m  OK  [0m] Started ebtables ruleset management.
[[0;32m  OK  [0m] Started Flush Journal to Persistent Storage.
         Starting Create Volatile Files and Directories...
[[0;32m  OK  [0m] Started Create Volatile Files and Directories.
[[0;32m  OK  [0m] Found device /dev/ttyS0.
         Starting Update UTMP about System Boot/Shutdown...
[[0;32m  OK  [0m] Listening on Load/Save RF Kill Switch Status /dev/rfkill Watch.
[[0;32m  OK  [0m] Started Update UTMP about System Boot/Shutdown.
[[0;32m  OK  [0m] Started AppArmor initialization.
         Starting Initial cloud-init job (pre-networking)...
         Starting Load AppArmor profiles managed internally by snapd...
[[0;32m  OK  [0m] Started Load AppArmor profiles managed internally by snapd.
[   27.641501] cloud-init[628]: Cloud-init v. 20.2-45-g5f7825e2-0ubuntu1~18.04.1 running 'init-local' at Mon, 07 Sep 2020 07:36:49 +0000. Up 26.94 seconds.
[[0;32m  OK  [0m] Started Initial cloud-init job (pre-networking).
[[0;32m  OK  [0m] Reached target Network (Pre).
         Starting Network Service...
[[0;32m  OK  [0m] Started Network Service.
         Starting Wait for Network to be Configured...
         Starting Network Name Resolution...
[[0;32m  OK  [0m] Started Network Name Resolution.
[[0;32m  OK  [0m] Reached target Host and Network Name Lookups.
[[0;32m  OK  [0m] Reached target Network.
